// Jest Snapshot v1, https://goo.gl/fbAQLP

exports[`should render correctly the list of series 1`] = `
<div
  className="activity-graph-legends"
>
  <GraphsLegendItem
    className="big-spacer-left big-spacer-right"
    index={0}
    key="bugs"
    metric="bugs"
    name="Bugs"
  />
  <GraphsLegendItem
    className="big-spacer-left big-spacer-right"
    index={1}
    key="code_smells"
    metric="code_smells"
    name="Code Smells"
  />
</div>
`;
