// Jest Snapshot v1, https://goo.gl/fbAQLP

exports[`should render correctly 1`] = `
<div
  className="big flex-shrink display-flex-center"
>
  <span
    className="flex-shrink display-flex-center"
    key="parent-portfolio"
  >
    <QualifierIcon
      className="spacer-right"
      qualifier="SVW"
    />
    <Link
      className="link-no-underline text-ellipsis"
      onlyActiveOnIndex={false}
      style={Object {}}
      title="parent-portfolio"
      to={
        Object {
          "pathname": "/dashboard",
          "query": Object {
            "branch": undefined,
            "id": "parent-portfolio",
          },
        }
      }
    >
      parent-portfolio
    </Link>
    <span
      className="slash-separator"
    />
  </span>
  <span
    className="flex-shrink display-flex-center"
    key="child-portfolio"
  >
    <span
      className="text-ellipsis"
      title="child-portfolio"
    >
      child-portfolio
    </span>
  </span>
</div>
`;
