// Jest Snapshot v1, https://goo.gl/fbAQLP

exports[`should render correctly 1`] = `
<div
  className="settings-definition"
>
  <div
    className="settings-definition-left"
  >
    <h3
      className="settings-definition-name"
    >
      email_configuration.test.title
    </h3>
  </div>
  <form
    className="settings-definition-right"
    onSubmit={[Function]}
  >
    <div
      className="form-field"
    >
      <label
        htmlFor="test-email-to"
      >
        email_configuration.test.to_address
        <em
          className="mandatory"
        >
          *
        </em>
      </label>
      <input
        className="settings-large-input"
        disabled={false}
        id="test-email-to"
        onChange={[Function]}
        required={true}
        type="email"
        value=""
      />
    </div>
    <div
      className="form-field"
    >
      <label
        htmlFor="test-email-subject"
      >
        email_configuration.test.subject
      </label>
      <input
        className="settings-large-input"
        disabled={false}
        id="test-email-subject"
        onChange={[Function]}
        type="text"
        value="email_configuration.test.subject"
      />
    </div>
    <div
      className="form-field"
    >
      <label
        htmlFor="test-email-message"
      >
        email_configuration.test.message
        <em
          className="mandatory"
        >
          *
        </em>
      </label>
      <textarea
        className="settings-large-input"
        disabled={false}
        id="test-email-message"
        onChange={[Function]}
        required={true}
        rows={5}
        value="email_configuration.test.message_text"
      />
    </div>
    <SubmitButton
      disabled={false}
    >
      email_configuration.test.send
    </SubmitButton>
  </form>
</div>
`;
