// Jest Snapshot v1, https://goo.gl/fbAQLP

exports[`should render correctly 1`] = `
<Modal
  contentLabel="users.tokens"
  onRequestClose={[MockFunction]}
>
  <header
    className="modal-head"
  >
    <h2>
      <FormattedMessage
        defaultMessage="users.user_X_tokens"
        id="users.user_X_tokens"
        values={
          Object {
            "user": <em>
              John Doe
            </em>,
          }
        }
      />
    </h2>
  </header>
  <div
    className="modal-body modal-container"
  >
    <TokensForm
      deleteConfirmation="inline"
      login="john.doe"
      updateTokensCount={[MockFunction]}
    />
  </div>
  <footer
    className="modal-foot"
  >
    <ResetButtonLink
      onClick={[MockFunction]}
    >
      Done
    </ResetButtonLink>
  </footer>
</Modal>
`;
