// Jest Snapshot v1, https://goo.gl/fbAQLP

exports[`should render correctly 1`] = `
<div>
  <i
    className="spinner"
  />
</div>
`;

exports[`should render correctly 2`] = `
<div>
  <ListItem
    checked={false}
    issue={
      Object {
        "actions": Array [],
        "component": "main.js",
        "componentLongName": "main.js",
        "componentQualifier": "FIL",
        "componentUuid": "foo1234",
        "creationDate": "2017-03-01T09:36:01+0100",
        "flows": Array [],
        "fromHotspot": false,
        "key": "AVsae-CQS-9G3txfbFN2",
        "line": 25,
        "message": "Reduce the number of conditional operators (4) used in the expression",
        "organization": "myorg",
        "project": "myproject",
        "projectKey": "foo",
        "projectName": "Foo",
        "projectOrganization": "org",
        "rule": "javascript:S1067",
        "ruleName": "foo",
        "secondaryLocations": Array [],
        "severity": "MAJOR",
        "status": "OPEN",
        "textRange": Object {
          "endLine": 26,
          "endOffset": 15,
          "startLine": 25,
          "startOffset": 0,
        },
        "transitions": Array [],
        "type": "BUG",
      }
    }
    key="AVsae-CQS-9G3txfbFN2"
    onChange={[MockFunction]}
    onCheck={[MockFunction]}
    onClick={[MockFunction]}
    onFilterChange={[MockFunction]}
    onPopupToggle={[MockFunction]}
    selected={false}
  />
  <ListItem
    checked={false}
    issue={
      Object {
        "actions": Array [],
        "component": "main.js",
        "componentLongName": "main.js",
        "componentQualifier": "FIL",
        "componentUuid": "foo1234",
        "creationDate": "2017-03-01T09:36:01+0100",
        "flows": Array [],
        "fromHotspot": false,
        "key": "AVsae-CQS-9G3txfbFN3",
        "line": 25,
        "message": "Reduce the number of conditional operators (4) used in the expression",
        "organization": "myorg",
        "project": "myproject",
        "projectKey": "foo",
        "projectName": "Foo",
        "projectOrganization": "org",
        "rule": "javascript:S1067",
        "ruleName": "foo",
        "secondaryLocations": Array [],
        "severity": "MAJOR",
        "status": "OPEN",
        "textRange": Object {
          "endLine": 26,
          "endOffset": 15,
          "startLine": 25,
          "startOffset": 0,
        },
        "transitions": Array [],
        "type": "BUG",
      }
    }
    key="AVsae-CQS-9G3txfbFN3"
    onChange={[MockFunction]}
    onCheck={[MockFunction]}
    onClick={[MockFunction]}
    onFilterChange={[MockFunction]}
    onPopupToggle={[MockFunction]}
    previousIssue={
      Object {
        "actions": Array [],
        "component": "main.js",
        "componentLongName": "main.js",
        "componentQualifier": "FIL",
        "componentUuid": "foo1234",
        "creationDate": "2017-03-01T09:36:01+0100",
        "flows": Array [],
        "fromHotspot": false,
        "key": "AVsae-CQS-9G3txfbFN2",
        "line": 25,
        "message": "Reduce the number of conditional operators (4) used in the expression",
        "organization": "myorg",
        "project": "myproject",
        "projectKey": "foo",
        "projectName": "Foo",
        "projectOrganization": "org",
        "rule": "javascript:S1067",
        "ruleName": "foo",
        "secondaryLocations": Array [],
        "severity": "MAJOR",
        "status": "OPEN",
        "textRange": Object {
          "endLine": 26,
          "endOffset": 15,
          "startLine": 25,
          "startOffset": 0,
        },
        "transitions": Array [],
        "type": "BUG",
      }
    }
    selected={false}
  />
</div>
`;
