// Jest Snapshot v1, https://goo.gl/fbAQLP

exports[`should render correctly 1`] = `
<span
  className="big-spacer-left flex-shrink note text-ellipsis"
>
  <FormattedMessage
    defaultMessage="branch_like_navigation.for_merge_into_x_from_y"
    id="branch_like_navigation.for_merge_into_x_from_y"
    values={
      Object {
        "branch": <strong>
          feature/foo/bar
        </strong>,
        "target": <strong>
          master
        </strong>,
      }
    }
  />
</span>
`;
