// Jest Snapshot v1, https://goo.gl/fbAQLP

exports[`renders 1`] = `
<Modal
  contentLabel="stacktrace"
  onRequestClose={[MockFunction]}
  size="large"
>
  <div
    className="modal-head"
  >
    <h2>
      background_tasks.error_stacktrace
      : 
      foo
       [
      background_task.type.REPORT
      ]
    </h2>
  </div>
  <div
    className="modal-body modal-container"
  >
    <div>
      <h4
        className="spacer-bottom"
      >
        background_tasks.error_stacktrace
      </h4>
      <pre
        className="js-task-stacktrace"
      >
        stacktrace
      </pre>
    </div>
  </div>
  <div
    className="modal-foot"
  >
    <a
      className="js-modal-close"
      href="#"
      onClick={[Function]}
    >
      close
    </a>
  </div>
</Modal>
`;
